Archive member included because of file (symbol)

c:/program files (x86)/atmel/avr studio 5.0/avr toolchain/bin/../lib/gcc/avr/4.5.1/../../../../avr/lib/avr4\libc.a(exit.o)
                              c:/program files (x86)/atmel/avr studio 5.0/avr toolchain/bin/../lib/gcc/avr/4.5.1/../../../../avr/lib/avr4/crtm88.o (exit)
c:/program files (x86)/atmel/avr studio 5.0/avr toolchain/bin/../lib/gcc/avr/4.5.1/../../../../avr/lib/avr4\libc.a(iob.o)
                              usart.o (__iob)
c:/program files (x86)/atmel/avr studio 5.0/avr toolchain/bin/../lib/gcc/avr/4.5.1/../../../../avr/lib/avr4\libc.a(printf.o)
                              autofire.o (printf)
c:/program files (x86)/atmel/avr studio 5.0/avr toolchain/bin/../lib/gcc/avr/4.5.1/../../../../avr/lib/avr4\libc.a(puts.o)
                              main.o (puts)
c:/program files (x86)/atmel/avr studio 5.0/avr toolchain/bin/../lib/gcc/avr/4.5.1/../../../../avr/lib/avr4\libc.a(vfprintf_std.o)
                              c:/program files (x86)/atmel/avr studio 5.0/avr toolchain/bin/../lib/gcc/avr/4.5.1/../../../../avr/lib/avr4\libc.a(printf.o) (vfprintf)
c:/program files (x86)/atmel/avr studio 5.0/avr toolchain/bin/../lib/gcc/avr/4.5.1/../../../../avr/lib/avr4\libc.a(strnlen_P.o)
                              c:/program files (x86)/atmel/avr studio 5.0/avr toolchain/bin/../lib/gcc/avr/4.5.1/../../../../avr/lib/avr4\libc.a(vfprintf_std.o) (strnlen_P)
c:/program files (x86)/atmel/avr studio 5.0/avr toolchain/bin/../lib/gcc/avr/4.5.1/../../../../avr/lib/avr4\libc.a(strnlen.o)
                              c:/program files (x86)/atmel/avr studio 5.0/avr toolchain/bin/../lib/gcc/avr/4.5.1/../../../../avr/lib/avr4\libc.a(vfprintf_std.o) (strnlen)
c:/program files (x86)/atmel/avr studio 5.0/avr toolchain/bin/../lib/gcc/avr/4.5.1/../../../../avr/lib/avr4\libc.a(fputc.o)
                              c:/program files (x86)/atmel/avr studio 5.0/avr toolchain/bin/../lib/gcc/avr/4.5.1/../../../../avr/lib/avr4\libc.a(vfprintf_std.o) (fputc)
c:/program files (x86)/atmel/avr studio 5.0/avr toolchain/bin/../lib/gcc/avr/4.5.1/../../../../avr/lib/avr4\libc.a(ultoa_invert.o)
                              c:/program files (x86)/atmel/avr studio 5.0/avr toolchain/bin/../lib/gcc/avr/4.5.1/../../../../avr/lib/avr4\libc.a(vfprintf_std.o) (__ultoa_invert)
c:/program files (x86)/atmel/avr studio 5.0/avr toolchain/bin/../lib/gcc/avr/4.5.1/avr4\libgcc.a(_prologue.o)
                              c:/program files (x86)/atmel/avr studio 5.0/avr toolchain/bin/../lib/gcc/avr/4.5.1/../../../../avr/lib/avr4\libc.a(printf.o) (__prologue_saves__)
c:/program files (x86)/atmel/avr studio 5.0/avr toolchain/bin/../lib/gcc/avr/4.5.1/avr4\libgcc.a(_epilogue.o)
                              c:/program files (x86)/atmel/avr studio 5.0/avr toolchain/bin/../lib/gcc/avr/4.5.1/../../../../avr/lib/avr4\libc.a(printf.o) (__epilogue_restores__)
c:/program files (x86)/atmel/avr studio 5.0/avr toolchain/bin/../lib/gcc/avr/4.5.1/avr4\libgcc.a(_exit.o)
                              c:/program files (x86)/atmel/avr studio 5.0/avr toolchain/bin/../lib/gcc/avr/4.5.1/../../../../avr/lib/avr4\libc.a(exit.o) (_exit)
c:/program files (x86)/atmel/avr studio 5.0/avr toolchain/bin/../lib/gcc/avr/4.5.1/avr4\libgcc.a(_copy_data.o)
                              autofire.o (__do_copy_data)
c:/program files (x86)/atmel/avr studio 5.0/avr toolchain/bin/../lib/gcc/avr/4.5.1/avr4\libgcc.a(_clear_bss.o)
                              autofire.o (__do_clear_bss)

Allocating common symbols
Common symbol       size              file

__iob               0x6               c:/program files (x86)/atmel/avr studio 5.0/avr toolchain/bin/../lib/gcc/avr/4.5.1/../../../../avr/lib/avr4\libc.a(iob.o)

Memory Configuration

Name             Origin             Length             Attributes
text             0x00000000         0x00002000         xr
data             0x00800060         0x0000ffa0         rw !x
eeprom           0x00810000         0x00010000         rw !x
fuse             0x00820000         0x00000400         rw !x
lock             0x00830000         0x00000400         rw !x
signature        0x00840000         0x00000400         rw !x
*default*        0x00000000         0xffffffff

Linker script and memory map

Address of section .data set to 0x800100
LOAD c:/program files (x86)/atmel/avr studio 5.0/avr toolchain/bin/../lib/gcc/avr/4.5.1/../../../../avr/lib/avr4/crtm88.o
LOAD autofire.o
LOAD debug.o
LOAD main.o
LOAD usart.o
LOAD time.o
LOAD video.o
LOAD c:/program files (x86)/atmel/avr studio 5.0/avr toolchain/bin/../lib/gcc/avr/4.5.1/../../../../avr/lib/avr4\libc.a
LOAD c:/program files (x86)/atmel/avr studio 5.0/avr toolchain/bin/../lib/gcc/avr/4.5.1/../../../../avr/lib/avr4\libm.a
LOAD c:/program files (x86)/atmel/avr studio 5.0/avr toolchain/bin/../lib/gcc/avr/4.5.1/../../../../avr/lib/avr4\libprintf_min.a
LOAD c:/program files (x86)/atmel/avr studio 5.0/avr toolchain/bin/../lib/gcc/avr/4.5.1/avr4\libgcc.a
LOAD c:/program files (x86)/atmel/avr studio 5.0/avr toolchain/bin/../lib/gcc/avr/4.5.1/../../../../avr/lib/avr4\libc.a
LOAD c:/program files (x86)/atmel/avr studio 5.0/avr toolchain/bin/../lib/gcc/avr/4.5.1/avr4\libgcc.a

.hash
 *(.hash)

.dynsym
 *(.dynsym)

.dynstr
 *(.dynstr)

.gnu.version
 *(.gnu.version)

.gnu.version_d
 *(.gnu.version_d)

.gnu.version_r
 *(.gnu.version_r)

.rel.init
 *(.rel.init)

.rela.init
 *(.rela.init)

.rel.text
 *(.rel.text)
 *(.rel.text.*)
 *(.rel.gnu.linkonce.t*)

.rela.text
 *(.rela.text)
 *(.rela.text.*)
 *(.rela.gnu.linkonce.t*)

.rel.fini
 *(.rel.fini)

.rela.fini
 *(.rela.fini)

.rel.rodata
 *(.rel.rodata)
 *(.rel.rodata.*)
 *(.rel.gnu.linkonce.r*)

.rela.rodata
 *(.rela.rodata)
 *(.rela.rodata.*)
 *(.rela.gnu.linkonce.r*)

.rel.data
 *(.rel.data)
 *(.rel.data.*)
 *(.rel.gnu.linkonce.d*)

.rela.data
 *(.rela.data)
 *(.rela.data.*)
 *(.rela.gnu.linkonce.d*)

.rel.ctors
 *(.rel.ctors)

.rela.ctors
 *(.rela.ctors)

.rel.dtors
 *(.rel.dtors)

.rela.dtors
 *(.rela.dtors)

.rel.got
 *(.rel.got)

.rela.got
 *(.rela.got)

.rel.bss
 *(.rel.bss)

.rela.bss
 *(.rela.bss)

.rel.plt
 *(.rel.plt)

.rela.plt
 *(.rela.plt)

.text           0x00000000      0x98e
 *(.vectors)
 .vectors       0x00000000       0x34 c:/program files (x86)/atmel/avr studio 5.0/avr toolchain/bin/../lib/gcc/avr/4.5.1/../../../../avr/lib/avr4/crtm88.o
                0x00000000                __vector_default
                0x00000000                __vectors
 *(.vectors)
 *(.progmem.gcc*)
 .progmem.gcc_sw_table
                0x00000034       0x20 debug.o
 *(.progmem*)
                0x00000054                . = ALIGN (0x2)
                0x00000054                __trampolines_start = .
 *(.trampolines)
 .trampolines   0x00000054        0x0 linker stubs
 *(.trampolines*)
                0x00000054                __trampolines_end = .
 *(.jumptables)
 *(.jumptables*)
 *(.lowtext)
 *(.lowtext*)
                0x00000054                __ctors_start = .
 *(.ctors)
                0x00000054                __ctors_end = .
                0x00000054                __dtors_start = .
 *(.dtors)
                0x00000054                __dtors_end = .
 SORT(*)(.ctors)
 SORT(*)(.dtors)
 *(.init0)
 .init0         0x00000054        0x0 c:/program files (x86)/atmel/avr studio 5.0/avr toolchain/bin/../lib/gcc/avr/4.5.1/../../../../avr/lib/avr4/crtm88.o
                0x00000054                __init
 *(.init0)
 *(.init1)
 *(.init1)
 *(.init2)
 .init2         0x00000054        0xc c:/program files (x86)/atmel/avr studio 5.0/avr toolchain/bin/../lib/gcc/avr/4.5.1/../../../../avr/lib/avr4/crtm88.o
 *(.init2)
 *(.init3)
 *(.init3)
 *(.init4)
 .init4         0x00000060       0x16 c:/program files (x86)/atmel/avr studio 5.0/avr toolchain/bin/../lib/gcc/avr/4.5.1/avr4\libgcc.a(_copy_data.o)
                0x00000060                __do_copy_data
 .init4         0x00000076       0x10 c:/program files (x86)/atmel/avr studio 5.0/avr toolchain/bin/../lib/gcc/avr/4.5.1/avr4\libgcc.a(_clear_bss.o)
                0x00000076                __do_clear_bss
 *(.init4)
 *(.init5)
 *(.init5)
 *(.init6)
 *(.init6)
 *(.init7)
 *(.init7)
 *(.init8)
 *(.init8)
 *(.init9)
 .init9         0x00000086        0x4 c:/program files (x86)/atmel/avr studio 5.0/avr toolchain/bin/../lib/gcc/avr/4.5.1/../../../../avr/lib/avr4/crtm88.o
 *(.init9)
 *(.text)
 .text          0x0000008a        0x2 c:/program files (x86)/atmel/avr studio 5.0/avr toolchain/bin/../lib/gcc/avr/4.5.1/../../../../avr/lib/avr4/crtm88.o
                0x0000008a                __vector_22
                0x0000008a                __vector_1
                0x0000008a                __vector_24
                0x0000008a                __vector_12
                0x0000008a                __bad_interrupt
                0x0000008a                __vector_6
                0x0000008a                __vector_3
                0x0000008a                __vector_23
                0x0000008a                __vector_25
                0x0000008a                __vector_11
                0x0000008a                __vector_17
                0x0000008a                __vector_19
                0x0000008a                __vector_7
                0x0000008a                __vector_4
                0x0000008a                __vector_9
                0x0000008a                __vector_2
                0x0000008a                __vector_21
                0x0000008a                __vector_15
                0x0000008a                __vector_8
                0x0000008a                __vector_14
                0x0000008a                __vector_10
                0x0000008a                __vector_16
                0x0000008a                __vector_20
 .text          0x0000008c       0xac autofire.o
                0x0000008c                Autofire_Init
                0x00000134                Autofire_LoadProfile
                0x00000136                Autofire_Update
 .text          0x00000138       0xb2 debug.o
                0x00000138                debug
                0x0000015e                debughex
                0x000001de                debugln
 .text          0x000001ea       0xa4 main.o
                0x000001ea                updateOutput
                0x000001ec                __vector_5
                0x00000200                main
 .text          0x0000028e       0xb2 usart.o
                0x0000028e                USART_Init
                0x000002bc                USART_Transmit
                0x000002de                USART_Receive
                0x000002ec                __vector_18
 .text          0x00000340       0x5a time.o
                0x00000340                getCurrentTime
                0x0000036c                __vector_13
 .text          0x0000039a        0x2 video.o
                0x0000039a                Video_Init
 .text          0x0000039c        0x0 c:/program files (x86)/atmel/avr studio 5.0/avr toolchain/bin/../lib/gcc/avr/4.5.1/../../../../avr/lib/avr4\libc.a(exit.o)
 .text          0x0000039c        0x0 c:/program files (x86)/atmel/avr studio 5.0/avr toolchain/bin/../lib/gcc/avr/4.5.1/../../../../avr/lib/avr4\libc.a(iob.o)
 .text          0x0000039c        0x0 c:/program files (x86)/atmel/avr studio 5.0/avr toolchain/bin/../lib/gcc/avr/4.5.1/../../../../avr/lib/avr4\libc.a(printf.o)
 .text          0x0000039c        0x0 c:/program files (x86)/atmel/avr studio 5.0/avr toolchain/bin/../lib/gcc/avr/4.5.1/../../../../avr/lib/avr4\libc.a(puts.o)
 .text          0x0000039c        0x0 c:/program files (x86)/atmel/avr studio 5.0/avr toolchain/bin/../lib/gcc/avr/4.5.1/../../../../avr/lib/avr4\libc.a(vfprintf_std.o)
 .text          0x0000039c        0x0 c:/program files (x86)/atmel/avr studio 5.0/avr toolchain/bin/../lib/gcc/avr/4.5.1/../../../../avr/lib/avr4\libc.a(strnlen_P.o)
 .text          0x0000039c        0x0 c:/program files (x86)/atmel/avr studio 5.0/avr toolchain/bin/../lib/gcc/avr/4.5.1/../../../../avr/lib/avr4\libc.a(strnlen.o)
 .text          0x0000039c        0x0 c:/program files (x86)/atmel/avr studio 5.0/avr toolchain/bin/../lib/gcc/avr/4.5.1/../../../../avr/lib/avr4\libc.a(fputc.o)
 .text          0x0000039c        0x0 c:/program files (x86)/atmel/avr studio 5.0/avr toolchain/bin/../lib/gcc/avr/4.5.1/../../../../avr/lib/avr4\libc.a(ultoa_invert.o)
 .text          0x0000039c        0x0 c:/program files (x86)/atmel/avr studio 5.0/avr toolchain/bin/../lib/gcc/avr/4.5.1/avr4\libgcc.a(_prologue.o)
 .text          0x0000039c        0x0 c:/program files (x86)/atmel/avr studio 5.0/avr toolchain/bin/../lib/gcc/avr/4.5.1/avr4\libgcc.a(_epilogue.o)
 .text          0x0000039c        0x0 c:/program files (x86)/atmel/avr studio 5.0/avr toolchain/bin/../lib/gcc/avr/4.5.1/avr4\libgcc.a(_exit.o)
 .text          0x0000039c        0x0 c:/program files (x86)/atmel/avr studio 5.0/avr toolchain/bin/../lib/gcc/avr/4.5.1/avr4\libgcc.a(_copy_data.o)
 .text          0x0000039c        0x0 c:/program files (x86)/atmel/avr studio 5.0/avr toolchain/bin/../lib/gcc/avr/4.5.1/avr4\libgcc.a(_clear_bss.o)
                0x0000039c                . = ALIGN (0x2)
 *(.text.*)
 .text.avr-libc
                0x0000039c        0x4 c:/program files (x86)/atmel/avr studio 5.0/avr toolchain/bin/../lib/gcc/avr/4.5.1/../../../../avr/lib/avr4\libc.a(exit.o)
                0x0000039c                exit
 .text.avr-libc
                0x000003a0       0x24 c:/program files (x86)/atmel/avr studio 5.0/avr toolchain/bin/../lib/gcc/avr/4.5.1/../../../../avr/lib/avr4\libc.a(printf.o)
                0x000003a0                printf
 .text.avr-libc
                0x000003c4       0x68 c:/program files (x86)/atmel/avr studio 5.0/avr toolchain/bin/../lib/gcc/avr/4.5.1/../../../../avr/lib/avr4\libc.a(puts.o)
                0x000003c4                puts
 .text.avr-libc
                0x0000042c      0x3b0 c:/program files (x86)/atmel/avr studio 5.0/avr toolchain/bin/../lib/gcc/avr/4.5.1/../../../../avr/lib/avr4\libc.a(vfprintf_std.o)
                0x0000042c                vfprintf
 .text.avr-libc
                0x000007dc       0x16 c:/program files (x86)/atmel/avr studio 5.0/avr toolchain/bin/../lib/gcc/avr/4.5.1/../../../../avr/lib/avr4\libc.a(strnlen_P.o)
                0x000007dc                strnlen_P
 .text.avr-libc
                0x000007f2       0x16 c:/program files (x86)/atmel/avr studio 5.0/avr toolchain/bin/../lib/gcc/avr/4.5.1/../../../../avr/lib/avr4\libc.a(strnlen.o)
                0x000007f2                strnlen
 .text.avr-libc
                0x00000808       0x58 c:/program files (x86)/atmel/avr studio 5.0/avr toolchain/bin/../lib/gcc/avr/4.5.1/../../../../avr/lib/avr4\libc.a(fputc.o)
                0x00000808                fputc
 .text.avr-libc
                0x00000860       0xbc c:/program files (x86)/atmel/avr studio 5.0/avr toolchain/bin/../lib/gcc/avr/4.5.1/../../../../avr/lib/avr4\libc.a(ultoa_invert.o)
                0x00000860                __ultoa_invert
 .text.libgcc   0x0000091c       0x38 c:/program files (x86)/atmel/avr studio 5.0/avr toolchain/bin/../lib/gcc/avr/4.5.1/avr4\libgcc.a(_prologue.o)
                0x0000091c                __prologue_saves__
 .text.libgcc   0x00000954       0x36 c:/program files (x86)/atmel/avr studio 5.0/avr toolchain/bin/../lib/gcc/avr/4.5.1/avr4\libgcc.a(_epilogue.o)
                0x00000954                __epilogue_restores__
 .text.libgcc   0x0000098a        0x0 c:/program files (x86)/atmel/avr studio 5.0/avr toolchain/bin/../lib/gcc/avr/4.5.1/avr4\libgcc.a(_exit.o)
 .text.libgcc   0x0000098a        0x0 c:/program files (x86)/atmel/avr studio 5.0/avr toolchain/bin/../lib/gcc/avr/4.5.1/avr4\libgcc.a(_copy_data.o)
 .text.libgcc   0x0000098a        0x0 c:/program files (x86)/atmel/avr studio 5.0/avr toolchain/bin/../lib/gcc/avr/4.5.1/avr4\libgcc.a(_clear_bss.o)
                0x0000098a                . = ALIGN (0x2)
 *(.fini9)
 .fini9         0x0000098a        0x0 c:/program files (x86)/atmel/avr studio 5.0/avr toolchain/bin/../lib/gcc/avr/4.5.1/avr4\libgcc.a(_exit.o)
                0x0000098a                _exit
 *(.fini9)
 *(.fini8)
 *(.fini8)
 *(.fini7)
 *(.fini7)
 *(.fini6)
 *(.fini6)
 *(.fini5)
 *(.fini5)
 *(.fini4)
 *(.fini4)
 *(.fini3)
 *(.fini3)
 *(.fini2)
 *(.fini2)
 *(.fini1)
 *(.fini1)
 *(.fini0)
 .fini0         0x0000098a        0x4 c:/program files (x86)/atmel/avr studio 5.0/avr toolchain/bin/../lib/gcc/avr/4.5.1/avr4\libgcc.a(_exit.o)
 *(.fini0)
                0x0000098e                _etext = .

.data           0x00800100       0x90 load address 0x0000098e
                0x00800100                PROVIDE (__data_start, .)
 *(.data)
 .data          0x00800100        0x0 c:/program files (x86)/atmel/avr studio 5.0/avr toolchain/bin/../lib/gcc/avr/4.5.1/../../../../avr/lib/avr4/crtm88.o
 .data          0x00800100       0x30 autofire.o
 .data          0x00800130       0x20 debug.o
 .data          0x00800150       0x2c main.o
 .data          0x0080017c       0x13 usart.o
 .data          0x0080018f        0x0 time.o
 .data          0x0080018f        0x0 video.o
 .data          0x0080018f        0x0 c:/program files (x86)/atmel/avr studio 5.0/avr toolchain/bin/../lib/gcc/avr/4.5.1/../../../../avr/lib/avr4\libc.a(exit.o)
 .data          0x0080018f        0x0 c:/program files (x86)/atmel/avr studio 5.0/avr toolchain/bin/../lib/gcc/avr/4.5.1/../../../../avr/lib/avr4\libc.a(iob.o)
 .data          0x0080018f        0x0 c:/program files (x86)/atmel/avr studio 5.0/avr toolchain/bin/../lib/gcc/avr/4.5.1/../../../../avr/lib/avr4\libc.a(printf.o)
 .data          0x0080018f        0x0 c:/program files (x86)/atmel/avr studio 5.0/avr toolchain/bin/../lib/gcc/avr/4.5.1/../../../../avr/lib/avr4\libc.a(puts.o)
 .data          0x0080018f        0x0 c:/program files (x86)/atmel/avr studio 5.0/avr toolchain/bin/../lib/gcc/avr/4.5.1/../../../../avr/lib/avr4\libc.a(vfprintf_std.o)
 .data          0x0080018f        0x0 c:/program files (x86)/atmel/avr studio 5.0/avr toolchain/bin/../lib/gcc/avr/4.5.1/../../../../avr/lib/avr4\libc.a(strnlen_P.o)
 .data          0x0080018f        0x0 c:/program files (x86)/atmel/avr studio 5.0/avr toolchain/bin/../lib/gcc/avr/4.5.1/../../../../avr/lib/avr4\libc.a(strnlen.o)
 .data          0x0080018f        0x0 c:/program files (x86)/atmel/avr studio 5.0/avr toolchain/bin/../lib/gcc/avr/4.5.1/../../../../avr/lib/avr4\libc.a(fputc.o)
 .data          0x0080018f        0x0 c:/program files (x86)/atmel/avr studio 5.0/avr toolchain/bin/../lib/gcc/avr/4.5.1/../../../../avr/lib/avr4\libc.a(ultoa_invert.o)
 .data          0x0080018f        0x0 c:/program files (x86)/atmel/avr studio 5.0/avr toolchain/bin/../lib/gcc/avr/4.5.1/avr4\libgcc.a(_prologue.o)
 .data          0x0080018f        0x0 c:/program files (x86)/atmel/avr studio 5.0/avr toolchain/bin/../lib/gcc/avr/4.5.1/avr4\libgcc.a(_epilogue.o)
 .data          0x0080018f        0x0 c:/program files (x86)/atmel/avr studio 5.0/avr toolchain/bin/../lib/gcc/avr/4.5.1/avr4\libgcc.a(_exit.o)
 .data          0x0080018f        0x0 c:/program files (x86)/atmel/avr studio 5.0/avr toolchain/bin/../lib/gcc/avr/4.5.1/avr4\libgcc.a(_copy_data.o)
 .data          0x0080018f        0x0 c:/program files (x86)/atmel/avr studio 5.0/avr toolchain/bin/../lib/gcc/avr/4.5.1/avr4\libgcc.a(_clear_bss.o)
 *(.data*)
 *(.rodata)
 *(.rodata*)
 *(.gnu.linkonce.d*)
                0x00800190                . = ALIGN (0x2)
 *fill*         0x0080018f        0x1 00
                0x00800190                _edata = .
                0x00800190                PROVIDE (__data_end, .)

.bss            0x00800190       0x9e
                0x00800190                PROVIDE (__bss_start, .)
 *(.bss)
 .bss           0x00800190        0x0 c:/program files (x86)/atmel/avr studio 5.0/avr toolchain/bin/../lib/gcc/avr/4.5.1/../../../../avr/lib/avr4/crtm88.o
 .bss           0x00800190       0x94 autofire.o
 .bss           0x00800224        0x0 debug.o
 .bss           0x00800224        0x0 main.o
 .bss           0x00800224        0x0 usart.o
 .bss           0x00800224        0x2 time.o
                0x00800224                timer1overflows
 .bss           0x00800226        0x2 video.o
                0x00800226                line
 .bss           0x00800228        0x0 c:/program files (x86)/atmel/avr studio 5.0/avr toolchain/bin/../lib/gcc/avr/4.5.1/../../../../avr/lib/avr4\libc.a(exit.o)
 .bss           0x00800228        0x0 c:/program files (x86)/atmel/avr studio 5.0/avr toolchain/bin/../lib/gcc/avr/4.5.1/../../../../avr/lib/avr4\libc.a(iob.o)
 .bss           0x00800228        0x0 c:/program files (x86)/atmel/avr studio 5.0/avr toolchain/bin/../lib/gcc/avr/4.5.1/../../../../avr/lib/avr4\libc.a(printf.o)
 .bss           0x00800228        0x0 c:/program files (x86)/atmel/avr studio 5.0/avr toolchain/bin/../lib/gcc/avr/4.5.1/../../../../avr/lib/avr4\libc.a(puts.o)
 .bss           0x00800228        0x0 c:/program files (x86)/atmel/avr studio 5.0/avr toolchain/bin/../lib/gcc/avr/4.5.1/../../../../avr/lib/avr4\libc.a(vfprintf_std.o)
 .bss           0x00800228        0x0 c:/program files (x86)/atmel/avr studio 5.0/avr toolchain/bin/../lib/gcc/avr/4.5.1/../../../../avr/lib/avr4\libc.a(strnlen_P.o)
 .bss           0x00800228        0x0 c:/program files (x86)/atmel/avr studio 5.0/avr toolchain/bin/../lib/gcc/avr/4.5.1/../../../../avr/lib/avr4\libc.a(strnlen.o)
 .bss           0x00800228        0x0 c:/program files (x86)/atmel/avr studio 5.0/avr toolchain/bin/../lib/gcc/avr/4.5.1/../../../../avr/lib/avr4\libc.a(fputc.o)
 .bss           0x00800228        0x0 c:/program files (x86)/atmel/avr studio 5.0/avr toolchain/bin/../lib/gcc/avr/4.5.1/../../../../avr/lib/avr4\libc.a(ultoa_invert.o)
 .bss           0x00800228        0x0 c:/program files (x86)/atmel/avr studio 5.0/avr toolchain/bin/../lib/gcc/avr/4.5.1/avr4\libgcc.a(_prologue.o)
 .bss           0x00800228        0x0 c:/program files (x86)/atmel/avr studio 5.0/avr toolchain/bin/../lib/gcc/avr/4.5.1/avr4\libgcc.a(_epilogue.o)
 .bss           0x00800228        0x0 c:/program files (x86)/atmel/avr studio 5.0/avr toolchain/bin/../lib/gcc/avr/4.5.1/avr4\libgcc.a(_exit.o)
 .bss           0x00800228        0x0 c:/program files (x86)/atmel/avr studio 5.0/avr toolchain/bin/../lib/gcc/avr/4.5.1/avr4\libgcc.a(_copy_data.o)
 .bss           0x00800228        0x0 c:/program files (x86)/atmel/avr studio 5.0/avr toolchain/bin/../lib/gcc/avr/4.5.1/avr4\libgcc.a(_clear_bss.o)
 *(.bss*)
 *(COMMON)
 COMMON         0x00800228        0x6 c:/program files (x86)/atmel/avr studio 5.0/avr toolchain/bin/../lib/gcc/avr/4.5.1/../../../../avr/lib/avr4\libc.a(iob.o)
                0x00800228                __iob
                0x0080022e                PROVIDE (__bss_end, .)
                0x0000098e                __data_load_start = LOADADDR (.data)
                0x00000a1e                __data_load_end = (__data_load_start + SIZEOF (.data))

.noinit         0x0080022e        0x0
                0x0080022e                PROVIDE (__noinit_start, .)
 *(.noinit*)
                0x0080022e                PROVIDE (__noinit_end, .)
                0x0080022e                _end = .
                0x0080022e                PROVIDE (__heap_start, .)

.eeprom         0x00810000        0x0
 *(.eeprom*)
                0x00810000                __eeprom_end = .

.fuse
 *(.fuse)
 *(.lfuse)
 *(.hfuse)
 *(.efuse)

.lock
 *(.lock*)

.signature
 *(.signature*)

.stab           0x00000000      0xcb4
 *(.stab)
 .stab          0x00000000      0x6cc c:/program files (x86)/atmel/avr studio 5.0/avr toolchain/bin/../lib/gcc/avr/4.5.1/../../../../avr/lib/avr4/crtm88.o
 .stab          0x000006cc       0x30 c:/program files (x86)/atmel/avr studio 5.0/avr toolchain/bin/../lib/gcc/avr/4.5.1/../../../../avr/lib/avr4\libc.a(exit.o)
                                 0x3c (size before relaxing)
 .stab          0x000006fc       0x9c c:/program files (x86)/atmel/avr studio 5.0/avr toolchain/bin/../lib/gcc/avr/4.5.1/../../../../avr/lib/avr4\libc.a(strnlen_P.o)
                                 0xa8 (size before relaxing)
 .stab          0x00000798       0x9c c:/program files (x86)/atmel/avr studio 5.0/avr toolchain/bin/../lib/gcc/avr/4.5.1/../../../../avr/lib/avr4\libc.a(strnlen.o)
                                 0xa8 (size before relaxing)
 .stab          0x00000834      0x480 c:/program files (x86)/atmel/avr studio 5.0/avr toolchain/bin/../lib/gcc/avr/4.5.1/../../../../avr/lib/avr4\libc.a(ultoa_invert.o)
                                0x48c (size before relaxing)

.stabstr        0x00000000      0x216
 *(.stabstr)
 .stabstr       0x00000000      0x216 c:/program files (x86)/atmel/avr studio 5.0/avr toolchain/bin/../lib/gcc/avr/4.5.1/../../../../avr/lib/avr4/crtm88.o

.stab.excl
 *(.stab.excl)

.stab.exclstr
 *(.stab.exclstr)

.stab.index
 *(.stab.index)

.stab.indexstr
 *(.stab.indexstr)

.comment
 *(.comment)

.debug
 *(.debug)

.line
 *(.line)

.debug_srcinfo
 *(.debug_srcinfo)

.debug_sfnames
 *(.debug_sfnames)

.debug_aranges  0x00000000      0x140
 *(.debug_aranges)
 .debug_aranges
                0x00000000       0x20 autofire.o
 .debug_aranges
                0x00000020       0x20 debug.o
 .debug_aranges
                0x00000040       0x20 main.o
 .debug_aranges
                0x00000060       0x20 usart.o
 .debug_aranges
                0x00000080       0x20 time.o
 .debug_aranges
                0x000000a0       0x20 video.o
 .debug_aranges
                0x000000c0       0x20 c:/program files (x86)/atmel/avr studio 5.0/avr toolchain/bin/../lib/gcc/avr/4.5.1/../../../../avr/lib/avr4\libc.a(printf.o)
 .debug_aranges
                0x000000e0       0x20 c:/program files (x86)/atmel/avr studio 5.0/avr toolchain/bin/../lib/gcc/avr/4.5.1/../../../../avr/lib/avr4\libc.a(puts.o)
 .debug_aranges
                0x00000100       0x20 c:/program files (x86)/atmel/avr studio 5.0/avr toolchain/bin/../lib/gcc/avr/4.5.1/../../../../avr/lib/avr4\libc.a(vfprintf_std.o)
 .debug_aranges
                0x00000120       0x20 c:/program files (x86)/atmel/avr studio 5.0/avr toolchain/bin/../lib/gcc/avr/4.5.1/../../../../avr/lib/avr4\libc.a(fputc.o)

.debug_pubnames
                0x00000000      0x219
 *(.debug_pubnames)
 .debug_pubnames
                0x00000000       0x51 autofire.o
 .debug_pubnames
                0x00000051       0x35 debug.o
 .debug_pubnames
                0x00000086       0x3b main.o
 .debug_pubnames
                0x000000c1       0x56 usart.o
 .debug_pubnames
                0x00000117       0x49 time.o
 .debug_pubnames
                0x00000160       0x2a video.o
 .debug_pubnames
                0x0000018a       0x1c c:/program files (x86)/atmel/avr studio 5.0/avr toolchain/bin/../lib/gcc/avr/4.5.1/../../../../avr/lib/avr4\libc.a(iob.o)
 .debug_pubnames
                0x000001a6       0x1d c:/program files (x86)/atmel/avr studio 5.0/avr toolchain/bin/../lib/gcc/avr/4.5.1/../../../../avr/lib/avr4\libc.a(printf.o)
 .debug_pubnames
                0x000001c3       0x1b c:/program files (x86)/atmel/avr studio 5.0/avr toolchain/bin/../lib/gcc/avr/4.5.1/../../../../avr/lib/avr4\libc.a(puts.o)
 .debug_pubnames
                0x000001de       0x1f c:/program files (x86)/atmel/avr studio 5.0/avr toolchain/bin/../lib/gcc/avr/4.5.1/../../../../avr/lib/avr4\libc.a(vfprintf_std.o)
 .debug_pubnames
                0x000001fd       0x1c c:/program files (x86)/atmel/avr studio 5.0/avr toolchain/bin/../lib/gcc/avr/4.5.1/../../../../avr/lib/avr4\libc.a(fputc.o)

.debug_info     0x00000000     0x114d
 *(.debug_info)
 .debug_info    0x00000000      0x1c5 autofire.o
 .debug_info    0x000001c5       0xff debug.o
 .debug_info    0x000002c4      0x193 main.o
 .debug_info    0x00000457      0x21c usart.o
 .debug_info    0x00000673       0xd4 time.o
 .debug_info    0x00000747       0x8f video.o
 .debug_info    0x000007d6      0x14f c:/program files (x86)/atmel/avr studio 5.0/avr toolchain/bin/../lib/gcc/avr/4.5.1/../../../../avr/lib/avr4\libc.a(iob.o)
 .debug_info    0x00000925      0x1c6 c:/program files (x86)/atmel/avr studio 5.0/avr toolchain/bin/../lib/gcc/avr/4.5.1/../../../../avr/lib/avr4\libc.a(printf.o)
 .debug_info    0x00000aeb      0x1ab c:/program files (x86)/atmel/avr studio 5.0/avr toolchain/bin/../lib/gcc/avr/4.5.1/../../../../avr/lib/avr4\libc.a(puts.o)
 .debug_info    0x00000c96      0x350 c:/program files (x86)/atmel/avr studio 5.0/avr toolchain/bin/../lib/gcc/avr/4.5.1/../../../../avr/lib/avr4\libc.a(vfprintf_std.o)
 .debug_info    0x00000fe6      0x167 c:/program files (x86)/atmel/avr studio 5.0/avr toolchain/bin/../lib/gcc/avr/4.5.1/../../../../avr/lib/avr4\libc.a(fputc.o)
 *(.gnu.linkonce.wi.*)

.debug_abbrev   0x00000000      0xa65
 *(.debug_abbrev)
 .debug_abbrev  0x00000000      0x12c autofire.o
 .debug_abbrev  0x0000012c       0xa0 debug.o
 .debug_abbrev  0x000001cc      0x12c main.o
 .debug_abbrev  0x000002f8      0x164 usart.o
 .debug_abbrev  0x0000045c       0x94 time.o
 .debug_abbrev  0x000004f0       0x5b video.o
 .debug_abbrev  0x0000054b       0xc5 c:/program files (x86)/atmel/avr studio 5.0/avr toolchain/bin/../lib/gcc/avr/4.5.1/../../../../avr/lib/avr4\libc.a(iob.o)
 .debug_abbrev  0x00000610      0x11c c:/program files (x86)/atmel/avr studio 5.0/avr toolchain/bin/../lib/gcc/avr/4.5.1/../../../../avr/lib/avr4\libc.a(printf.o)
 .debug_abbrev  0x0000072c      0x101 c:/program files (x86)/atmel/avr studio 5.0/avr toolchain/bin/../lib/gcc/avr/4.5.1/../../../../avr/lib/avr4\libc.a(puts.o)
 .debug_abbrev  0x0000082d      0x15f c:/program files (x86)/atmel/avr studio 5.0/avr toolchain/bin/../lib/gcc/avr/4.5.1/../../../../avr/lib/avr4\libc.a(vfprintf_std.o)
 .debug_abbrev  0x0000098c       0xd9 c:/program files (x86)/atmel/avr studio 5.0/avr toolchain/bin/../lib/gcc/avr/4.5.1/../../../../avr/lib/avr4\libc.a(fputc.o)

.debug_line     0x00000000     0x144a
 *(.debug_line)
 .debug_line    0x00000000      0x1be autofire.o
 .debug_line    0x000001be      0x1cd debug.o
 .debug_line    0x0000038b      0x1f9 main.o
 .debug_line    0x00000584      0x1aa usart.o
 .debug_line    0x0000072e      0x104 time.o
 .debug_line    0x00000832       0xd5 video.o
 .debug_line    0x00000907       0xeb c:/program files (x86)/atmel/avr studio 5.0/avr toolchain/bin/../lib/gcc/avr/4.5.1/../../../../avr/lib/avr4\libc.a(iob.o)
 .debug_line    0x000009f2      0x186 c:/program files (x86)/atmel/avr studio 5.0/avr toolchain/bin/../lib/gcc/avr/4.5.1/../../../../avr/lib/avr4\libc.a(printf.o)
 .debug_line    0x00000b78      0x13e c:/program files (x86)/atmel/avr studio 5.0/avr toolchain/bin/../lib/gcc/avr/4.5.1/../../../../avr/lib/avr4\libc.a(puts.o)
 .debug_line    0x00000cb6      0x64d c:/program files (x86)/atmel/avr studio 5.0/avr toolchain/bin/../lib/gcc/avr/4.5.1/../../../../avr/lib/avr4\libc.a(vfprintf_std.o)
 .debug_line    0x00001303      0x147 c:/program files (x86)/atmel/avr studio 5.0/avr toolchain/bin/../lib/gcc/avr/4.5.1/../../../../avr/lib/avr4\libc.a(fputc.o)

.debug_frame    0x00000000      0x1f0
 *(.debug_frame)
 .debug_frame   0x00000000       0x40 autofire.o
 .debug_frame   0x00000040       0x40 debug.o
 .debug_frame   0x00000080       0x40 main.o
 .debug_frame   0x000000c0       0x60 usart.o
 .debug_frame   0x00000120       0x30 time.o
 .debug_frame   0x00000150       0x20 video.o
 .debug_frame   0x00000170       0x20 c:/program files (x86)/atmel/avr studio 5.0/avr toolchain/bin/../lib/gcc/avr/4.5.1/../../../../avr/lib/avr4\libc.a(printf.o)
 .debug_frame   0x00000190       0x20 c:/program files (x86)/atmel/avr studio 5.0/avr toolchain/bin/../lib/gcc/avr/4.5.1/../../../../avr/lib/avr4\libc.a(puts.o)
 .debug_frame   0x000001b0       0x20 c:/program files (x86)/atmel/avr studio 5.0/avr toolchain/bin/../lib/gcc/avr/4.5.1/../../../../avr/lib/avr4\libc.a(vfprintf_std.o)
 .debug_frame   0x000001d0       0x20 c:/program files (x86)/atmel/avr studio 5.0/avr toolchain/bin/../lib/gcc/avr/4.5.1/../../../../avr/lib/avr4\libc.a(fputc.o)

.debug_str      0x00000000      0x4e2
 *(.debug_str)
 .debug_str     0x00000000      0x14f autofire.o
                                0x197 (size before relaxing)
 .debug_str     0x0000014f       0x29 debug.o
                                 0xe9 (size before relaxing)
 .debug_str     0x00000178       0x86 main.o
                                0x14f (size before relaxing)
 .debug_str     0x000001fe       0x82 usart.o
                                0x147 (size before relaxing)
 .debug_str     0x00000280       0x37 time.o
                                 0xfc (size before relaxing)
 .debug_str     0x000002b7       0x1d video.o
                                 0xd9 (size before relaxing)
 .debug_str     0x000002d4       0x4e c:/program files (x86)/atmel/avr studio 5.0/avr toolchain/bin/../lib/gcc/avr/4.5.1/../../../../avr/lib/avr4\libc.a(iob.o)
                                 0xf2 (size before relaxing)
 .debug_str     0x00000322       0x72 c:/program files (x86)/atmel/avr studio 5.0/avr toolchain/bin/../lib/gcc/avr/4.5.1/../../../../avr/lib/avr4\libc.a(printf.o)
                                0x125 (size before relaxing)
 .debug_str     0x00000394       0x4f c:/program files (x86)/atmel/avr studio 5.0/avr toolchain/bin/../lib/gcc/avr/4.5.1/../../../../avr/lib/avr4\libc.a(puts.o)
                                 0xf8 (size before relaxing)
 .debug_str     0x000003e3       0xa9 c:/program files (x86)/atmel/avr studio 5.0/avr toolchain/bin/../lib/gcc/avr/4.5.1/../../../../avr/lib/avr4\libc.a(vfprintf_std.o)
                                0x177 (size before relaxing)
 .debug_str     0x0000048c       0x56 c:/program files (x86)/atmel/avr studio 5.0/avr toolchain/bin/../lib/gcc/avr/4.5.1/../../../../avr/lib/avr4\libc.a(fputc.o)
                                 0xfb (size before relaxing)

.debug_loc      0x00000000      0x8cd
 *(.debug_loc)
 .debug_loc     0x00000000       0x14 autofire.o
 .debug_loc     0x00000014       0x5b debug.o
 .debug_loc     0x0000006f       0x2a main.o
 .debug_loc     0x00000099       0x54 usart.o
 .debug_loc     0x000000ed       0x48 time.o
 .debug_loc     0x00000135       0xa7 c:/program files (x86)/atmel/avr studio 5.0/avr toolchain/bin/../lib/gcc/avr/4.5.1/../../../../avr/lib/avr4\libc.a(puts.o)
 .debug_loc     0x000001dc      0x6a1 c:/program files (x86)/atmel/avr studio 5.0/avr toolchain/bin/../lib/gcc/avr/4.5.1/../../../../avr/lib/avr4\libc.a(vfprintf_std.o)
 .debug_loc     0x0000087d       0x50 c:/program files (x86)/atmel/avr studio 5.0/avr toolchain/bin/../lib/gcc/avr/4.5.1/../../../../avr/lib/avr4\libc.a(fputc.o)

.debug_macinfo
 *(.debug_macinfo)
OUTPUT(rensha.elf elf32-avr)
LOAD linker stubs

.debug_pubtypes
                0x00000000      0x228
 .debug_pubtypes
                0x00000000       0x48 autofire.o
 .debug_pubtypes
                0x00000048       0x1e debug.o
 .debug_pubtypes
                0x00000066       0x38 main.o
 .debug_pubtypes
                0x0000009e       0x29 usart.o
 .debug_pubtypes
                0x000000c7       0x2c time.o
 .debug_pubtypes
                0x000000f3       0x1f video.o
 .debug_pubtypes
                0x00000112       0x29 c:/program files (x86)/atmel/avr studio 5.0/avr toolchain/bin/../lib/gcc/avr/4.5.1/../../../../avr/lib/avr4\libc.a(iob.o)
 .debug_pubtypes
                0x0000013b       0x48 c:/program files (x86)/atmel/avr studio 5.0/avr toolchain/bin/../lib/gcc/avr/4.5.1/../../../../avr/lib/avr4\libc.a(printf.o)
 .debug_pubtypes
                0x00000183       0x29 c:/program files (x86)/atmel/avr studio 5.0/avr toolchain/bin/../lib/gcc/avr/4.5.1/../../../../avr/lib/avr4\libc.a(puts.o)
 .debug_pubtypes
                0x000001ac       0x53 c:/program files (x86)/atmel/avr studio 5.0/avr toolchain/bin/../lib/gcc/avr/4.5.1/../../../../avr/lib/avr4\libc.a(vfprintf_std.o)
 .debug_pubtypes
                0x000001ff       0x29 c:/program files (x86)/atmel/avr studio 5.0/avr toolchain/bin/../lib/gcc/avr/4.5.1/../../../../avr/lib/avr4\libc.a(fputc.o)

.debug_ranges   0x00000000       0x58
 .debug_ranges  0x00000000       0x10 c:/program files (x86)/atmel/avr studio 5.0/avr toolchain/bin/../lib/gcc/avr/4.5.1/../../../../avr/lib/avr4\libc.a(printf.o)
 .debug_ranges  0x00000010       0x10 c:/program files (x86)/atmel/avr studio 5.0/avr toolchain/bin/../lib/gcc/avr/4.5.1/../../../../avr/lib/avr4\libc.a(puts.o)
 .debug_ranges  0x00000020       0x28 c:/program files (x86)/atmel/avr studio 5.0/avr toolchain/bin/../lib/gcc/avr/4.5.1/../../../../avr/lib/avr4\libc.a(vfprintf_std.o)
 .debug_ranges  0x00000048       0x10 c:/program files (x86)/atmel/avr studio 5.0/avr toolchain/bin/../lib/gcc/avr/4.5.1/../../../../avr/lib/avr4\libc.a(fputc.o)
